<html>
<body>
<pre>
<h1>礦ision Build Log</h1>
<h2>Project:</h2>
F:\2617\java4android\本科毕业设计制作\2014届\myself\如果可以-刘金友(智慧社区信息系统)\项目代码\STM32F103C8T6版本代码\stm32\USER\STM32-DEMO.uvproj
Project File Date:  05/16/2015

<h2>Output:</h2>
Build target 'STM32-DEMO'
assembling startup_stm32f10x_hd.s...
compiling main.c...
compiling stm32f10x_it.c...
compiling key.c...
compiling mq_2.c...
compiling misc.c...
compiling stm32f10x_adc.c...
compiling stm32f10x_bkp.c...
compiling stm32f10x_can.c...
compiling stm32f10x_cec.c...
compiling stm32f10x_crc.c...
compiling stm32f10x_dac.c...
compiling stm32f10x_dbgmcu.c...
compiling stm32f10x_dma.c...
compiling stm32f10x_exti.c...
compiling stm32f10x_flash.c...
compiling stm32f10x_fsmc.c...
compiling stm32f10x_gpio.c...
compiling stm32f10x_i2c.c...
compiling stm32f10x_iwdg.c...
compiling stm32f10x_pwr.c...
compiling stm32f10x_rcc.c...
compiling stm32f10x_rtc.c...
compiling stm32f10x_sdio.c...
compiling stm32f10x_spi.c...
compiling stm32f10x_tim.c...
compiling stm32f10x_usart.c...
compiling stm32f10x_wwdg.c...
compiling core_cm3.c...
compiling system_stm32f10x.c...
compiling LCD.c...
compiling SysTick.c...
compiling DHT11.c...
compiling sim900.c...
linking...
Program Size: Code=7574 RO-data=1202 RW-data=112 ZI-data=1224  
FromELF: creating hex file...
"..\Output\STM32-DEMO.axf" - 0 Error(s), 0 Warning(s).
Build target 'STM32-DEMO'
assembling startup_stm32f10x_hd.s...
compiling main.c...
compiling stm32f10x_it.c...
compiling key.c...
compiling mq_2.c...
compiling misc.c...
compiling stm32f10x_adc.c...
compiling stm32f10x_bkp.c...
compiling stm32f10x_can.c...
compiling stm32f10x_cec.c...
compiling stm32f10x_crc.c...
compiling stm32f10x_dac.c...
compiling stm32f10x_dbgmcu.c...
compiling stm32f10x_dma.c...
compiling stm32f10x_exti.c...
compiling stm32f10x_flash.c...
compiling stm32f10x_fsmc.c...
compiling stm32f10x_gpio.c...
compiling stm32f10x_i2c.c...
compiling stm32f10x_iwdg.c...
compiling stm32f10x_pwr.c...
compiling stm32f10x_rcc.c...
compiling stm32f10x_rtc.c...
compiling stm32f10x_sdio.c...
compiling stm32f10x_spi.c...
compiling stm32f10x_tim.c...
compiling stm32f10x_usart.c...
compiling stm32f10x_wwdg.c...
compiling core_cm3.c...
compiling system_stm32f10x.c...
compiling LCD.c...
compiling SysTick.c...
compiling DHT11.c...
compiling sim900.c...
linking...
Program Size: Code=7578 RO-data=1202 RW-data=112 ZI-data=1224  
FromELF: creating hex file...
"..\Output\STM32-DEMO.axf" - 0 Error(s), 0 Warning(s).
Build target 'STM32-DEMO'
assembling startup_stm32f10x_hd.s...
compiling main.c...
compiling stm32f10x_it.c...
compiling key.c...
compiling mq_2.c...
compiling misc.c...
compiling stm32f10x_adc.c...
compiling stm32f10x_bkp.c...
compiling stm32f10x_can.c...
compiling stm32f10x_cec.c...
compiling stm32f10x_crc.c...
compiling stm32f10x_dac.c...
compiling stm32f10x_dbgmcu.c...
compiling stm32f10x_dma.c...
compiling stm32f10x_exti.c...
compiling stm32f10x_flash.c...
compiling stm32f10x_fsmc.c...
compiling stm32f10x_gpio.c...
compiling stm32f10x_i2c.c...
compiling stm32f10x_iwdg.c...
compiling stm32f10x_pwr.c...
compiling stm32f10x_rcc.c...
compiling stm32f10x_rtc.c...
compiling stm32f10x_sdio.c...
compiling stm32f10x_spi.c...
compiling stm32f10x_tim.c...
compiling stm32f10x_usart.c...
compiling stm32f10x_wwdg.c...
compiling core_cm3.c...
compiling system_stm32f10x.c...
compiling LCD.c...
compiling SysTick.c...
compiling DHT11.c...
compiling sim900.c...
linking...
Program Size: Code=7574 RO-data=1202 RW-data=112 ZI-data=1224  
FromELF: creating hex file...
"..\Output\STM32-DEMO.axf" - 0 Error(s), 0 Warning(s).
Build target 'STM32-DEMO'
assembling startup_stm32f10x_hd.s...
compiling main.c...
compiling stm32f10x_it.c...
compiling key.c...
compiling mq_2.c...
compiling misc.c...
compiling stm32f10x_adc.c...
compiling stm32f10x_bkp.c...
compiling stm32f10x_can.c...
compiling stm32f10x_cec.c...
compiling stm32f10x_crc.c...
compiling stm32f10x_dac.c...
compiling stm32f10x_dbgmcu.c...
compiling stm32f10x_dma.c...
compiling stm32f10x_exti.c...
compiling stm32f10x_flash.c...
compiling stm32f10x_fsmc.c...
compiling stm32f10x_gpio.c...
compiling stm32f10x_i2c.c...
compiling stm32f10x_iwdg.c...
compiling stm32f10x_pwr.c...
compiling stm32f10x_rcc.c...
compiling stm32f10x_rtc.c...
compiling stm32f10x_sdio.c...
compiling stm32f10x_spi.c...
compiling stm32f10x_tim.c...
compiling stm32f10x_usart.c...
compiling stm32f10x_wwdg.c...
compiling core_cm3.c...
compiling system_stm32f10x.c...
compiling LCD.c...
compiling SysTick.c...
compiling DHT11.c...
compiling sim900.c...
linking...
Program Size: Code=7574 RO-data=1202 RW-data=112 ZI-data=1224  
FromELF: creating hex file...
"..\Output\STM32-DEMO.axf" - 0 Error(s), 0 Warning(s).
Build target 'STM32-DEMO'
assembling startup_stm32f10x_hd.s...
compiling main.c...
compiling stm32f10x_it.c...
compiling key.c...
compiling mq_2.c...
compiling misc.c...
compiling stm32f10x_adc.c...
compiling stm32f10x_bkp.c...
compiling stm32f10x_can.c...
compiling stm32f10x_cec.c...
compiling stm32f10x_crc.c...
compiling stm32f10x_dac.c...
compiling stm32f10x_dbgmcu.c...
compiling stm32f10x_dma.c...
compiling stm32f10x_exti.c...
compiling stm32f10x_flash.c...
compiling stm32f10x_fsmc.c...
compiling stm32f10x_gpio.c...
compiling stm32f10x_i2c.c...
compiling stm32f10x_iwdg.c...
compiling stm32f10x_pwr.c...
compiling stm32f10x_rcc.c...
compiling stm32f10x_rtc.c...
compiling stm32f10x_sdio.c...
compiling stm32f10x_spi.c...
compiling stm32f10x_tim.c...
compiling stm32f10x_usart.c...
compiling stm32f10x_wwdg.c...
compiling core_cm3.c...
compiling system_stm32f10x.c...
compiling LCD.c...
compiling SysTick.c...
compiling DHT11.c...
compiling sim900.c...
linking...
Program Size: Code=7574 RO-data=1202 RW-data=112 ZI-data=1224  
FromELF: creating hex file...
"..\Output\STM32-DEMO.axf" - 0 Error(s), 0 Warning(s).
Build target 'STM32-DEMO'
assembling startup_stm32f10x_hd.s...
compiling main.c...
compiling stm32f10x_it.c...
compiling key.c...
compiling mq_2.c...
compiling misc.c...
compiling stm32f10x_adc.c...
compiling stm32f10x_bkp.c...
compiling stm32f10x_can.c...
compiling stm32f10x_cec.c...
compiling stm32f10x_crc.c...
compiling stm32f10x_dac.c...
compiling stm32f10x_dbgmcu.c...
compiling stm32f10x_dma.c...
compiling stm32f10x_exti.c...
compiling stm32f10x_flash.c...
compiling stm32f10x_fsmc.c...
compiling stm32f10x_gpio.c...
compiling stm32f10x_i2c.c...
compiling stm32f10x_iwdg.c...
compiling stm32f10x_pwr.c...
compiling stm32f10x_rcc.c...
compiling stm32f10x_rtc.c...
compiling stm32f10x_sdio.c...
compiling stm32f10x_spi.c...
compiling stm32f10x_tim.c...
compiling stm32f10x_usart.c...
compiling stm32f10x_wwdg.c...
compiling core_cm3.c...
compiling system_stm32f10x.c...
compiling LCD.c...
compiling SysTick.c...
compiling DHT11.c...
compiling sim900.c...
linking...
Program Size: Code=7558 RO-data=1202 RW-data=112 ZI-data=1224  
FromELF: creating hex file...
"..\Output\STM32-DEMO.axf" - 0 Error(s), 0 Warning(s).
Build target 'STM32-DEMO'
assembling startup_stm32f10x_hd.s...
compiling main.c...
compiling stm32f10x_it.c...
compiling key.c...
compiling mq_2.c...
compiling misc.c...
compiling stm32f10x_adc.c...
compiling stm32f10x_bkp.c...
compiling stm32f10x_can.c...
compiling stm32f10x_cec.c...
compiling stm32f10x_crc.c...
compiling stm32f10x_dac.c...
compiling stm32f10x_dbgmcu.c...
compiling stm32f10x_dma.c...
compiling stm32f10x_exti.c...
compiling stm32f10x_flash.c...
compiling stm32f10x_fsmc.c...
compiling stm32f10x_gpio.c...
compiling stm32f10x_i2c.c...
compiling stm32f10x_iwdg.c...
compiling stm32f10x_pwr.c...
compiling stm32f10x_rcc.c...
compiling stm32f10x_rtc.c...
compiling stm32f10x_sdio.c...
compiling stm32f10x_spi.c...
compiling stm32f10x_tim.c...
compiling stm32f10x_usart.c...
compiling stm32f10x_wwdg.c...
compiling core_cm3.c...
compiling system_stm32f10x.c...
compiling LCD.c...
compiling SysTick.c...
compiling DHT11.c...
compiling sim900.c...
linking...
Program Size: Code=7558 RO-data=1202 RW-data=112 ZI-data=1224  
FromELF: creating hex file...
"..\Output\STM32-DEMO.axf" - 0 Error(s), 0 Warning(s).
Build target 'STM32-DEMO'
assembling startup_stm32f10x_hd.s...
compiling main.c...
compiling stm32f10x_it.c...
compiling key.c...
compiling mq_2.c...
compiling misc.c...
compiling stm32f10x_adc.c...
compiling stm32f10x_bkp.c...
compiling stm32f10x_can.c...
compiling stm32f10x_cec.c...
compiling stm32f10x_crc.c...
compiling stm32f10x_dac.c...
compiling stm32f10x_dbgmcu.c...
compiling stm32f10x_dma.c...
compiling stm32f10x_exti.c...
compiling stm32f10x_flash.c...
compiling stm32f10x_fsmc.c...
compiling stm32f10x_gpio.c...
compiling stm32f10x_i2c.c...
compiling stm32f10x_iwdg.c...
compiling stm32f10x_pwr.c...
compiling stm32f10x_rcc.c...
compiling stm32f10x_rtc.c...
compiling stm32f10x_sdio.c...
compiling stm32f10x_spi.c...
compiling stm32f10x_tim.c...
compiling stm32f10x_usart.c...
compiling stm32f10x_wwdg.c...
compiling core_cm3.c...
compiling system_stm32f10x.c...
compiling LCD.c...
compiling SysTick.c...
compiling DHT11.c...
compiling sim900.c...
linking...
Program Size: Code=6494 RO-data=1202 RW-data=112 ZI-data=1224  
FromELF: creating hex file...
"..\Output\STM32-DEMO.axf" - 0 Error(s), 0 Warning(s).
Build target 'STM32-DEMO'
compiling main.c...
main.c(326): error:  #268: declaration may not appear after executable statement in block
main.c:         void alarm(void){
main.c:         ^
main.c(326): error:  #65: expected a ";"
main.c:         void alarm(void){
main.c:                         ^
main.c(336): warning:  #12-D: parsing restarts here after previous syntax error
main.c:   }
main.c:   ^
main.c: main.c: 1 warning, 2 errors
Target not created
Build target 'STM32-DEMO'
compiling main.c...
main.c(326): error:  #268: declaration may not appear after executable statement in block
main.c:   void alarm(void){
main.c:   ^
main.c(326): error:  #67: expected a "}"
main.c:   void alarm(void){
main.c:   ^
main.c(327): warning:  #177-D: variable "bit_count" was declared but never referenced
main.c:         u8 bit_count = 0;
main.c:            ^
main.c(336): error:  #169: expected a declaration
main.c:   }
main.c:   ^
main.c: main.c: 1 warning, 3 errors
Target not created
Build target 'STM32-DEMO'
compiling main.c...
main.c(326): error:  #268: declaration may not appear after executable statement in block
main.c:   void alarm(void){
main.c:   ^
main.c(326): error:  #67: expected a "}"
main.c:   void alarm(void){
main.c:   ^
main.c(335): error:  #169: expected a declaration
main.c:   }
main.c:   ^
main.c: main.c: 0 warnings, 3 errors
Target not created
Build target 'STM32-DEMO'
compiling main.c...
main.c(336): error:  #169: expected a declaration
main.c:   }
main.c:   ^
main.c: main.c: 0 warnings, 1 error
Target not created
Build target 'STM32-DEMO'
compiling main.c...
main.c(336): error:  #169: expected a declaration
main.c:   }
main.c:   ^
main.c: main.c: 0 warnings, 1 error
Target not created
Build target 'STM32-DEMO'
compiling main.c...
linking...
Program Size: Code=6542 RO-data=1202 RW-data=116 ZI-data=1228  
FromELF: creating hex file...
"..\Output\STM32-DEMO.axf" - 0 Error(s), 0 Warning(s).
Build target 'STM32-DEMO'
assembling startup_stm32f10x_hd.s...
compiling main.c...
main.c(264): warning:  #223-D: function "alarm" declared implicitly
main.c:      alarm();
main.c:      ^
main.c(284): warning:  #223-D: function "alarm" declared implicitly
main.c:      alarm();
main.c:      ^
main.c(323): error:  #159: declaration is incompatible with previous "alarm" (declared at line 264)
main.c:   void alarm(void)
main.c:        ^
main.c: main.c: 2 warnings, 1 error
compiling stm32f10x_it.c...
compiling key.c...
compiling mq_2.c...
compiling misc.c...
compiling stm32f10x_adc.c...
compiling stm32f10x_bkp.c...
compiling stm32f10x_can.c...
compiling stm32f10x_cec.c...
compiling stm32f10x_crc.c...
compiling stm32f10x_dac.c...
compiling stm32f10x_dbgmcu.c...
compiling stm32f10x_dma.c...
compiling stm32f10x_exti.c...
compiling stm32f10x_flash.c...
compiling stm32f10x_fsmc.c...
compiling stm32f10x_gpio.c...
compiling stm32f10x_i2c.c...
compiling stm32f10x_iwdg.c...
compiling stm32f10x_pwr.c...
compiling stm32f10x_rcc.c...
compiling stm32f10x_rtc.c...
compiling stm32f10x_sdio.c...
compiling stm32f10x_spi.c...
compiling stm32f10x_tim.c...
compiling stm32f10x_usart.c...
compiling stm32f10x_wwdg.c...
compiling core_cm3.c...
compiling system_stm32f10x.c...
compiling LCD.c...
compiling SysTick.c...
compiling DHT11.c...
compiling sim900.c...
Target not created
Build target 'STM32-DEMO'
assembling startup_stm32f10x_hd.s...
compiling main.c...
main.c(264): warning:  #223-D: function "alarm" declared implicitly
main.c:      alarm();
main.c:      ^
main.c(284): warning:  #223-D: function "alarm" declared implicitly
main.c:      alarm();
main.c:      ^
main.c(323): error:  #159: declaration is incompatible with previous "alarm" (declared at line 264)
main.c:   void alarm(void)
main.c:        ^
main.c: main.c: 2 warnings, 1 error
compiling stm32f10x_it.c...
compiling key.c...
compiling mq_2.c...
compiling misc.c...
compiling stm32f10x_adc.c...
compiling stm32f10x_bkp.c...
compiling stm32f10x_can.c...
compiling stm32f10x_cec.c...
compiling stm32f10x_crc.c...
compiling stm32f10x_dac.c...
compiling stm32f10x_dbgmcu.c...
compiling stm32f10x_dma.c...
compiling stm32f10x_exti.c...
compiling stm32f10x_flash.c...
compiling stm32f10x_fsmc.c...
compiling stm32f10x_gpio.c...
compiling stm32f10x_i2c.c...
compiling stm32f10x_iwdg.c...
compiling stm32f10x_pwr.c...
compiling stm32f10x_rcc.c...
compiling stm32f10x_rtc.c...
compiling stm32f10x_sdio.c...
compiling stm32f10x_spi.c...
compiling stm32f10x_tim.c...
compiling stm32f10x_usart.c...
compiling stm32f10x_wwdg.c...
compiling core_cm3.c...
compiling system_stm32f10x.c...
compiling LCD.c...
compiling SysTick.c...
compiling DHT11.c...
compiling sim900.c...
Target not created
Build target 'STM32-DEMO'
assembling startup_stm32f10x_hd.s...
compiling main.c...
main.c(264): warning:  #223-D: function "Alarm" declared implicitly
main.c:      Alarm();
main.c:      ^
main.c(284): warning:  #223-D: function "Alarm" declared implicitly
main.c:      Alarm();
main.c:      ^
main.c(323): error:  #159: declaration is incompatible with previous "Alarm" (declared at line 264)
main.c:   void Alarm(void)
main.c:        ^
main.c: main.c: 2 warnings, 1 error
compiling stm32f10x_it.c...
compiling key.c...
compiling mq_2.c...
compiling misc.c...
compiling stm32f10x_adc.c...
compiling stm32f10x_bkp.c...
compiling stm32f10x_can.c...
compiling stm32f10x_cec.c...
compiling stm32f10x_crc.c...
compiling stm32f10x_dac.c...
compiling stm32f10x_dbgmcu.c...
compiling stm32f10x_dma.c...
compiling stm32f10x_exti.c...
compiling stm32f10x_flash.c...
compiling stm32f10x_fsmc.c...
compiling stm32f10x_gpio.c...
compiling stm32f10x_i2c.c...
compiling stm32f10x_iwdg.c...
compiling stm32f10x_pwr.c...
compiling stm32f10x_rcc.c...
compiling stm32f10x_rtc.c...
compiling stm32f10x_sdio.c...
compiling stm32f10x_spi.c...
compiling stm32f10x_tim.c...
compiling stm32f10x_usart.c...
compiling stm32f10x_wwdg.c...
compiling core_cm3.c...
compiling system_stm32f10x.c...
compiling LCD.c...
compiling SysTick.c...
compiling DHT11.c...
compiling sim900.c...
Target not created
Build target 'STM32-DEMO'
assembling startup_stm32f10x_hd.s...
compiling main.c...
compiling stm32f10x_it.c...
compiling key.c...
compiling mq_2.c...
compiling misc.c...
compiling stm32f10x_adc.c...
compiling stm32f10x_bkp.c...
compiling stm32f10x_can.c...
compiling stm32f10x_cec.c...
compiling stm32f10x_crc.c...
compiling stm32f10x_dac.c...
compiling stm32f10x_dbgmcu.c...
compiling stm32f10x_dma.c...
compiling stm32f10x_exti.c...
compiling stm32f10x_flash.c...
compiling stm32f10x_fsmc.c...
compiling stm32f10x_gpio.c...
compiling stm32f10x_i2c.c...
compiling stm32f10x_iwdg.c...
compiling stm32f10x_pwr.c...
compiling stm32f10x_rcc.c...
compiling stm32f10x_rtc.c...
compiling stm32f10x_sdio.c...
compiling stm32f10x_spi.c...
compiling stm32f10x_tim.c...
compiling stm32f10x_usart.c...
compiling stm32f10x_wwdg.c...
compiling core_cm3.c...
compiling system_stm32f10x.c...
compiling LCD.c...
compiling SysTick.c...
compiling DHT11.c...
compiling sim900.c...
linking...
Program Size: Code=6490 RO-data=1202 RW-data=116 ZI-data=1228  
FromELF: creating hex file...
"..\Output\STM32-DEMO.axf" - 0 Error(s), 0 Warning(s).
