ARM Linker, 4.1 [Build 481] [Standard]

==============================================================================

Section Cross References

    startup_stm32f10x_hd.o(RESET) refers to startup_stm32f10x_hd.o(STACK) for __initial_sp
    startup_stm32f10x_hd.o(RESET) refers to startup_stm32f10x_hd.o(.text) for Reset_Handler
    startup_stm32f10x_hd.o(RESET) refers to stm32f10x_it.o(.text) for NMI_Handler
    startup_stm32f10x_hd.o(.text) refers to system_stm32f10x.o(.text) for SystemInit
    startup_stm32f10x_hd.o(.text) refers to entry.o(.ARM.Collect$$$$00000000) for __main
    main.o(.text) refers to lcd.o(.text) for LCD_write_Char
    main.o(.text) refers to stm32f10x_rcc.o(.text) for RCC_APB2PeriphClockCmd
    main.o(.text) refers to stm32f10x_gpio.o(.text) for GPIO_Init
    main.o(.text) refers to main.o(.data) for SetTemp
    main.o(.text) refers to systick.o(.text) for SysTick_Init
    main.o(.text) refers to dht11.o(.text) for DHT11_GPIO_Config
    main.o(.text) refers to key.o(.text) for KEY_Init
    main.o(.text) refers to mq_2.o(.text) for MQ_GPIO_Config
    stm32f10x_it.o(.text) refers to systick.o(.text) for TimingDelay_Decrement
    stm32f10x_it.o(.text) refers to stm32f10x_usart.o(.text) for USART_GetITStatus
    stm32f10x_it.o(.text) refers to stm32f10x_it.o(.bss) for RX
    stm32f10x_it.o(.text) refers to stm32f10x_it.o(.data) for seat
    key.o(.text) refers to stm32f10x_rcc.o(.text) for RCC_APB2PeriphClockCmd
    key.o(.text) refers to stm32f10x_gpio.o(.text) for GPIO_Init
    key.o(.text) refers to systick.o(.text) for _delay_Nms
    key.o(.text) refers to key.o(.data) for key_up
    mq_2.o(.text) refers to stm32f10x_rcc.o(.text) for RCC_APB2PeriphClockCmd
    mq_2.o(.text) refers to stm32f10x_gpio.o(.text) for GPIO_Init
    stm32f10x_adc.o(.text) refers to stm32f10x_rcc.o(.text) for RCC_APB2PeriphResetCmd
    stm32f10x_bkp.o(.text) refers to stm32f10x_rcc.o(.text) for RCC_BackupResetCmd
    stm32f10x_can.o(.text) refers to stm32f10x_rcc.o(.text) for RCC_APB1PeriphResetCmd
    stm32f10x_cec.o(.text) refers to stm32f10x_rcc.o(.text) for RCC_APB1PeriphResetCmd
    stm32f10x_dac.o(.text) refers to stm32f10x_rcc.o(.text) for RCC_APB1PeriphResetCmd
    stm32f10x_gpio.o(.text) refers to stm32f10x_rcc.o(.text) for RCC_APB2PeriphResetCmd
    stm32f10x_i2c.o(.text) refers to stm32f10x_rcc.o(.text) for RCC_APB1PeriphResetCmd
    stm32f10x_pwr.o(.text) refers to stm32f10x_rcc.o(.text) for RCC_APB1PeriphResetCmd
    stm32f10x_rcc.o(.text) refers to stm32f10x_rcc.o(.data) for APBAHBPrescTable
    stm32f10x_spi.o(.text) refers to stm32f10x_rcc.o(.text) for RCC_APB2PeriphResetCmd
    stm32f10x_tim.o(.text) refers to stm32f10x_rcc.o(.text) for RCC_APB2PeriphResetCmd
    stm32f10x_usart.o(.text) refers to stm32f10x_rcc.o(.text) for RCC_APB2PeriphResetCmd
    stm32f10x_wwdg.o(.text) refers to stm32f10x_rcc.o(.text) for RCC_APB1PeriphResetCmd
    system_stm32f10x.o(.text) refers to system_stm32f10x.o(.data) for SystemCoreClock
    lcd.o(.text) refers to stm32f10x_rcc.o(.text) for RCC_APB2PeriphClockCmd
    lcd.o(.text) refers to stm32f10x_gpio.o(.text) for GPIO_Init
    lcd.o(.text) refers to systick.o(.text) for _delay_Nus
    lcd.o(.text) refers to lcd.o(.constdata) for font6x8
    systick.o(.text) refers to system_stm32f10x.o(.data) for SystemCoreClock
    systick.o(.text) refers to systick.o(.data) for TimingDelay
    dht11.o(.text) refers to stm32f10x_rcc.o(.text) for RCC_APB2PeriphClockCmd
    dht11.o(.text) refers to stm32f10x_gpio.o(.text) for GPIO_Init
    dht11.o(.text) refers to systick.o(.text) for _delay_Nus
    sim900.o(.text) refers to stm32f10x_usart.o(.text) for USART_SendData
    sim900.o(.text) refers to strstr.o(.text) for strstr
    sim900.o(.text) refers to stm32f10x_gpio.o(.text) for GPIO_Init
    sim900.o(.text) refers to misc.o(.text) for NVIC_PriorityGroupConfig
    sim900.o(.text) refers to stm32f10x_rcc.o(.text) for RCC_APB2PeriphClockCmd
    sim900.o(.text) refers to lcd.o(.text) for LCD_clear
    sim900.o(.text) refers to systick.o(.text) for _delay_Nms
    sim900.o(.text) refers to stm32f10x_it.o(.bss) for RX
    sim900.o(.text) refers to stm32f10x_it.o(.data) for seat
    entry.o(.ARM.Collect$$$$00000000) refers (Special) to entry7.o(.ARM.Collect$$$$00000007) for _main_init
    entry.o(.ARM.Collect$$$$00000000) refers (Special) to entry5.o(.ARM.Collect$$$$00000004) for _main_scatterload
    entry.o(.ARM.Collect$$$$00000000) refers (Special) to entry2.o(.ARM.Collect$$$$00000001) for _main_stk
    entry2.o(.ARM.Collect$$$$00000001) refers to entry2.o(.ARM.Collect$$$$00002712) for __lit__00000000
    entry2.o(.ARM.Collect$$$$00002712) refers to startup_stm32f10x_hd.o(STACK) for __initial_sp
    entry2.o(__vectab_stack_and_reset_area) refers to startup_stm32f10x_hd.o(STACK) for __initial_sp
    entry2.o(__vectab_stack_and_reset_area) refers to entry.o(.ARM.Collect$$$$00000000) for __main
    entry5.o(.ARM.Collect$$$$00000004) refers to init.o(.text) for __scatterload
    entry7.o(.ARM.Collect$$$$00000007) refers to main.o(.text) for main
    init.o(.text) refers to entry5.o(.ARM.Collect$$$$00000004) for __main_after_scatterload


==============================================================================

Removing Unused input sections from the image.

    Removing startup_stm32f10x_hd.o(HEAP), (512 bytes).
    Removing misc.o(.text), (248 bytes).
    Removing stm32f10x_adc.o(.text), (1088 bytes).
    Removing stm32f10x_bkp.o(.text), (196 bytes).
    Removing stm32f10x_can.o(.text), (2580 bytes).
    Removing stm32f10x_cec.o(.text), (312 bytes).
    Removing stm32f10x_crc.o(.text), (72 bytes).
    Removing stm32f10x_dac.o(.text), (424 bytes).
    Removing stm32f10x_dbgmcu.o(.text), (48 bytes).
    Removing stm32f10x_dma.o(.text), (584 bytes).
    Removing stm32f10x_exti.o(.text), (316 bytes).
    Removing stm32f10x_flash.o(.text), (1480 bytes).
    Removing stm32f10x_fsmc.o(.text), (1560 bytes).
    Removing stm32f10x_i2c.o(.text), (1008 bytes).
    Removing stm32f10x_iwdg.o(.text), (64 bytes).
    Removing stm32f10x_pwr.o(.text), (216 bytes).
    Removing stm32f10x_rtc.o(.text), (376 bytes).
    Removing stm32f10x_sdio.o(.text), (472 bytes).
    Removing stm32f10x_spi.o(.text), (784 bytes).
    Removing stm32f10x_tim.o(.text), (3502 bytes).
    Removing stm32f10x_wwdg.o(.text), (136 bytes).
    Removing core_cm3.o(.emb_text), (32 bytes).
    Removing sim900.o(.text), (792 bytes).

23 unused section(s) (total 16802 bytes) removed from the image.

==============================================================================

Image Symbol Table

    Local Symbols

    Symbol Name                              Value     Ov Type        Size  Object(Section)

    ../../microlib/init/entry.s              0x00000000   Number         0  entry2.o ABSOLUTE
    ../../microlib/init/entry.s              0x00000000   Number         0  entry.o ABSOLUTE
    ../../microlib/init/entry.s              0x00000000   Number         0  entry7.o ABSOLUTE
    ../../microlib/init/entry.s              0x00000000   Number         0  entry5.o ABSOLUTE
    ../../microlib/string/strstr.c           0x00000000   Number         0  strstr.o ABSOLUTE
    ..\CMSIS\core_cm3.c                      0x00000000   Number         0  core_cm3.o ABSOLUTE
    ..\CMSIS\startup\startup_stm32f10x_hd.s  0x00000000   Number         0  startup_stm32f10x_hd.o ABSOLUTE
    ..\CMSIS\system_stm32f10x.c              0x00000000   Number         0  system_stm32f10x.o ABSOLUTE
    ..\FWlib\src\misc.c                      0x00000000   Number         0  misc.o ABSOLUTE
    ..\FWlib\src\stm32f10x_adc.c             0x00000000   Number         0  stm32f10x_adc.o ABSOLUTE
    ..\FWlib\src\stm32f10x_bkp.c             0x00000000   Number         0  stm32f10x_bkp.o ABSOLUTE
    ..\FWlib\src\stm32f10x_can.c             0x00000000   Number         0  stm32f10x_can.o ABSOLUTE
    ..\FWlib\src\stm32f10x_cec.c             0x00000000   Number         0  stm32f10x_cec.o ABSOLUTE
    ..\FWlib\src\stm32f10x_crc.c             0x00000000   Number         0  stm32f10x_crc.o ABSOLUTE
    ..\FWlib\src\stm32f10x_dac.c             0x00000000   Number         0  stm32f10x_dac.o ABSOLUTE
    ..\FWlib\src\stm32f10x_dbgmcu.c          0x00000000   Number         0  stm32f10x_dbgmcu.o ABSOLUTE
    ..\FWlib\src\stm32f10x_dma.c             0x00000000   Number         0  stm32f10x_dma.o ABSOLUTE
    ..\FWlib\src\stm32f10x_exti.c            0x00000000   Number         0  stm32f10x_exti.o ABSOLUTE
    ..\FWlib\src\stm32f10x_flash.c           0x00000000   Number         0  stm32f10x_flash.o ABSOLUTE
    ..\FWlib\src\stm32f10x_fsmc.c            0x00000000   Number         0  stm32f10x_fsmc.o ABSOLUTE
    ..\FWlib\src\stm32f10x_gpio.c            0x00000000   Number         0  stm32f10x_gpio.o ABSOLUTE
    ..\FWlib\src\stm32f10x_i2c.c             0x00000000   Number         0  stm32f10x_i2c.o ABSOLUTE
    ..\FWlib\src\stm32f10x_iwdg.c            0x00000000   Number         0  stm32f10x_iwdg.o ABSOLUTE
    ..\FWlib\src\stm32f10x_pwr.c             0x00000000   Number         0  stm32f10x_pwr.o ABSOLUTE
    ..\FWlib\src\stm32f10x_rcc.c             0x00000000   Number         0  stm32f10x_rcc.o ABSOLUTE
    ..\FWlib\src\stm32f10x_rtc.c             0x00000000   Number         0  stm32f10x_rtc.o ABSOLUTE
    ..\FWlib\src\stm32f10x_sdio.c            0x00000000   Number         0  stm32f10x_sdio.o ABSOLUTE
    ..\FWlib\src\stm32f10x_spi.c             0x00000000   Number         0  stm32f10x_spi.o ABSOLUTE
    ..\FWlib\src\stm32f10x_tim.c             0x00000000   Number         0  stm32f10x_tim.o ABSOLUTE
    ..\FWlib\src\stm32f10x_usart.c           0x00000000   Number         0  stm32f10x_usart.o ABSOLUTE
    ..\FWlib\src\stm32f10x_wwdg.c            0x00000000   Number         0  stm32f10x_wwdg.o ABSOLUTE
    ..\\CMSIS\\core_cm3.c                    0x00000000   Number         0  core_cm3.o ABSOLUTE
    5110\LCD.c                               0x00000000   Number         0  lcd.o ABSOLUTE
    DTH11\DHT11.c                            0x00000000   Number         0  dht11.o ABSOLUTE
    SysTick\SysTick.c                        0x00000000   Number         0  systick.o ABSOLUTE
    dc.s                                     0x00000000   Number         0  dc.o ABSOLUTE
    handlers.s                               0x00000000   Number         0  handlers.o ABSOLUTE
    init.s                                   0x00000000   Number         0  init.o ABSOLUTE
    key.c                                    0x00000000   Number         0  key.o ABSOLUTE
    main.c                                   0x00000000   Number         0  main.o ABSOLUTE
    mq_2.c                                   0x00000000   Number         0  mq_2.o ABSOLUTE
    sim900\sim900.c                          0x00000000   Number         0  sim900.o ABSOLUTE
    stm32f10x_it.c                           0x00000000   Number         0  stm32f10x_it.o ABSOLUTE
    RESET                                    0x08000000   Section      304  startup_stm32f10x_hd.o(RESET)
    .ARM.Collect$$$$00000000                 0x08000130   Section        0  entry.o(.ARM.Collect$$$$00000000)
    .ARM.Collect$$$$00000001                 0x08000130   Section        4  entry2.o(.ARM.Collect$$$$00000001)
    .ARM.Collect$$$$00000004                 0x08000134   Section        4  entry5.o(.ARM.Collect$$$$00000004)
    .ARM.Collect$$$$00000007                 0x08000138   Section        8  entry7.o(.ARM.Collect$$$$00000007)
    .ARM.Collect$$$$00002712                 0x08000140   Section        4  entry2.o(.ARM.Collect$$$$00002712)
    __lit__00000000                          0x08000140   Data           4  entry2.o(.ARM.Collect$$$$00002712)
    .text                                    0x08000144   Section       36  startup_stm32f10x_hd.o(.text)
    .text                                    0x08000168   Section        0  main.o(.text)
    .text                                    0x080007b8   Section        0  stm32f10x_it.o(.text)
    .text                                    0x08000818   Section        0  key.o(.text)
    .text                                    0x080008b4   Section        0  mq_2.o(.text)
    .text                                    0x080008ec   Section        0  stm32f10x_gpio.o(.text)
    .text                                    0x08000c44   Section        0  stm32f10x_rcc.o(.text)
    .text                                    0x08000fe8   Section        0  stm32f10x_usart.o(.text)
    .text                                    0x080013f4   Section        0  system_stm32f10x.o(.text)
    SetSysClockTo72                          0x080013f5   Thumb Code   192  system_stm32f10x.o(.text)
    SetSysClock                              0x080014b5   Thumb Code     8  system_stm32f10x.o(.text)
    .text                                    0x080015bc   Section        0  lcd.o(.text)
    .text                                    0x08001814   Section        0  systick.o(.text)
    .text                                    0x080018e8   Section        0  dht11.o(.text)
    DHT11_Mode_IPU                           0x08001917   Thumb Code    24  dht11.o(.text)
    DHT11_Mode_Out_PP                        0x0800192f   Thumb Code    30  dht11.o(.text)
    Read_Byte                                0x0800194d   Thumb Code    94  dht11.o(.text)
    .text                                    0x08001a48   Section       36  init.o(.text)
    i.__scatterload_copy                     0x08001a6c   Section       14  handlers.o(i.__scatterload_copy)
    i.__scatterload_null                     0x08001a7a   Section        2  handlers.o(i.__scatterload_null)
    i.__scatterload_zeroinit                 0x08001a7c   Section       14  handlers.o(i.__scatterload_zeroinit)
    .constdata                               0x08001a8a   Section      864  lcd.o(.constdata)
    .data                                    0x20000000   Section       63  main.o(.data)
    .data                                    0x20000040   Section        4  stm32f10x_it.o(.data)
    .data                                    0x20000044   Section        1  key.o(.data)
    key_up                                   0x20000044   Data           1  key.o(.data)
    .data                                    0x20000045   Section       20  stm32f10x_rcc.o(.data)
    APBAHBPrescTable                         0x20000045   Data          16  stm32f10x_rcc.o(.data)
    ADCPrescTable                            0x20000055   Data           4  stm32f10x_rcc.o(.data)
    .data                                    0x2000005c   Section       20  system_stm32f10x.o(.data)
    .data                                    0x20000070   Section        4  systick.o(.data)
    TimingDelay                              0x20000070   Data           4  systick.o(.data)
    .bss                                     0x20000074   Section      200  stm32f10x_it.o(.bss)
    STACK                                    0x20000140   Section     1024  startup_stm32f10x_hd.o(STACK)

    Global Symbols

    Symbol Name                              Value     Ov Type        Size  Object(Section)

    BuildAttributes$$THM_ISAv4$P$D$K$B$S$PE$A:L22UL41UL21$X:L11$S22US41US21$IEEE1$IW$USESV6$~STKCKD$USESV7$~SHL$OSPACE$EBA8$MICROLIB$REQ8$PRES8$EABIv2 0x00000000   Number         0  anon$$obj.o ABSOLUTE
    __ARM_use_no_argv                        0x00000000   Number         0  main.o ABSOLUTE
    __decompress                              - Undefined Weak Reference
    __Vectors_Size                           0x00000130   Number         0  startup_stm32f10x_hd.o ABSOLUTE
    __Vectors                                0x08000000   Data           4  startup_stm32f10x_hd.o(RESET)
    __Vectors_End                            0x08000130   Data           0  startup_stm32f10x_hd.o(RESET)
    __main                                   0x08000131   Thumb Code     0  entry.o(.ARM.Collect$$$$00000000)
    _main_stk                                0x08000131   Thumb Code     0  entry2.o(.ARM.Collect$$$$00000001)
    _main_scatterload                        0x08000135   Thumb Code     0  entry5.o(.ARM.Collect$$$$00000004)
    __main_after_scatterload                 0x08000139   Thumb Code     0  entry5.o(.ARM.Collect$$$$00000004)
    _main_init                               0x08000139   Thumb Code     0  entry7.o(.ARM.Collect$$$$00000007)
    Reset_Handler                            0x08000145   Thumb Code     8  startup_stm32f10x_hd.o(.text)
    ADC1_2_IRQHandler                        0x0800015f   Thumb Code     0  startup_stm32f10x_hd.o(.text)
    ADC3_IRQHandler                          0x0800015f   Thumb Code     0  startup_stm32f10x_hd.o(.text)
    CAN1_RX1_IRQHandler                      0x0800015f   Thumb Code     0  startup_stm32f10x_hd.o(.text)
    CAN1_SCE_IRQHandler                      0x0800015f   Thumb Code     0  startup_stm32f10x_hd.o(.text)
    DMA1_Channel1_IRQHandler                 0x0800015f   Thumb Code     0  startup_stm32f10x_hd.o(.text)
    DMA1_Channel2_IRQHandler                 0x0800015f   Thumb Code     0  startup_stm32f10x_hd.o(.text)
    DMA1_Channel3_IRQHandler                 0x0800015f   Thumb Code     0  startup_stm32f10x_hd.o(.text)
    DMA1_Channel4_IRQHandler                 0x0800015f   Thumb Code     0  startup_stm32f10x_hd.o(.text)
    DMA1_Channel5_IRQHandler                 0x0800015f   Thumb Code     0  startup_stm32f10x_hd.o(.text)
    DMA1_Channel6_IRQHandler                 0x0800015f   Thumb Code     0  startup_stm32f10x_hd.o(.text)
    DMA1_Channel7_IRQHandler                 0x0800015f   Thumb Code     0  startup_stm32f10x_hd.o(.text)
    DMA2_Channel1_IRQHandler                 0x0800015f   Thumb Code     0  startup_stm32f10x_hd.o(.text)
    DMA2_Channel2_IRQHandler                 0x0800015f   Thumb Code     0  startup_stm32f10x_hd.o(.text)
    DMA2_Channel3_IRQHandler                 0x0800015f   Thumb Code     0  startup_stm32f10x_hd.o(.text)
    DMA2_Channel4_5_IRQHandler               0x0800015f   Thumb Code     0  startup_stm32f10x_hd.o(.text)
    EXTI0_IRQHandler                         0x0800015f   Thumb Code     0  startup_stm32f10x_hd.o(.text)
    EXTI15_10_IRQHandler                     0x0800015f   Thumb Code     0  startup_stm32f10x_hd.o(.text)
    EXTI1_IRQHandler                         0x0800015f   Thumb Code     0  startup_stm32f10x_hd.o(.text)
    EXTI2_IRQHandler                         0x0800015f   Thumb Code     0  startup_stm32f10x_hd.o(.text)
    EXTI3_IRQHandler                         0x0800015f   Thumb Code     0  startup_stm32f10x_hd.o(.text)
    EXTI4_IRQHandler                         0x0800015f   Thumb Code     0  startup_stm32f10x_hd.o(.text)
    EXTI9_5_IRQHandler                       0x0800015f   Thumb Code     0  startup_stm32f10x_hd.o(.text)
    FLASH_IRQHandler                         0x0800015f   Thumb Code     0  startup_stm32f10x_hd.o(.text)
    FSMC_IRQHandler                          0x0800015f   Thumb Code     0  startup_stm32f10x_hd.o(.text)
    I2C1_ER_IRQHandler                       0x0800015f   Thumb Code     0  startup_stm32f10x_hd.o(.text)
    I2C1_EV_IRQHandler                       0x0800015f   Thumb Code     0  startup_stm32f10x_hd.o(.text)
    I2C2_ER_IRQHandler                       0x0800015f   Thumb Code     0  startup_stm32f10x_hd.o(.text)
    I2C2_EV_IRQHandler                       0x0800015f   Thumb Code     0  startup_stm32f10x_hd.o(.text)
    PVD_IRQHandler                           0x0800015f   Thumb Code     0  startup_stm32f10x_hd.o(.text)
    RCC_IRQHandler                           0x0800015f   Thumb Code     0  startup_stm32f10x_hd.o(.text)
    RTCAlarm_IRQHandler                      0x0800015f   Thumb Code     0  startup_stm32f10x_hd.o(.text)
    RTC_IRQHandler                           0x0800015f   Thumb Code     0  startup_stm32f10x_hd.o(.text)
    SDIO_IRQHandler                          0x0800015f   Thumb Code     0  startup_stm32f10x_hd.o(.text)
    SPI1_IRQHandler                          0x0800015f   Thumb Code     0  startup_stm32f10x_hd.o(.text)
    SPI2_IRQHandler                          0x0800015f   Thumb Code     0  startup_stm32f10x_hd.o(.text)
    SPI3_IRQHandler                          0x0800015f   Thumb Code     0  startup_stm32f10x_hd.o(.text)
    TAMPER_IRQHandler                        0x0800015f   Thumb Code     0  startup_stm32f10x_hd.o(.text)
    TIM1_BRK_IRQHandler                      0x0800015f   Thumb Code     0  startup_stm32f10x_hd.o(.text)
    TIM1_CC_IRQHandler                       0x0800015f   Thumb Code     0  startup_stm32f10x_hd.o(.text)
    TIM1_TRG_COM_IRQHandler                  0x0800015f   Thumb Code     0  startup_stm32f10x_hd.o(.text)
    TIM1_UP_IRQHandler                       0x0800015f   Thumb Code     0  startup_stm32f10x_hd.o(.text)
    TIM2_IRQHandler                          0x0800015f   Thumb Code     0  startup_stm32f10x_hd.o(.text)
    TIM3_IRQHandler                          0x0800015f   Thumb Code     0  startup_stm32f10x_hd.o(.text)
    TIM4_IRQHandler                          0x0800015f   Thumb Code     0  startup_stm32f10x_hd.o(.text)
    TIM5_IRQHandler                          0x0800015f   Thumb Code     0  startup_stm32f10x_hd.o(.text)
    TIM6_IRQHandler                          0x0800015f   Thumb Code     0  startup_stm32f10x_hd.o(.text)
    TIM7_IRQHandler                          0x0800015f   Thumb Code     0  startup_stm32f10x_hd.o(.text)
    TIM8_BRK_IRQHandler                      0x0800015f   Thumb Code     0  startup_stm32f10x_hd.o(.text)
    TIM8_CC_IRQHandler                       0x0800015f   Thumb Code     0  startup_stm32f10x_hd.o(.text)
    TIM8_TRG_COM_IRQHandler                  0x0800015f   Thumb Code     0  startup_stm32f10x_hd.o(.text)
    TIM8_UP_IRQHandler                       0x0800015f   Thumb Code     0  startup_stm32f10x_hd.o(.text)
    UART4_IRQHandler                         0x0800015f   Thumb Code     0  startup_stm32f10x_hd.o(.text)
    UART5_IRQHandler                         0x0800015f   Thumb Code     0  startup_stm32f10x_hd.o(.text)
    USART1_IRQHandler                        0x0800015f   Thumb Code     0  startup_stm32f10x_hd.o(.text)
    USART3_IRQHandler                        0x0800015f   Thumb Code     0  startup_stm32f10x_hd.o(.text)
    USBWakeUp_IRQHandler                     0x0800015f   Thumb Code     0  startup_stm32f10x_hd.o(.text)
    USB_HP_CAN1_TX_IRQHandler                0x0800015f   Thumb Code     0  startup_stm32f10x_hd.o(.text)
    USB_LP_CAN1_RX0_IRQHandler               0x0800015f   Thumb Code     0  startup_stm32f10x_hd.o(.text)
    WWDG_IRQHandler                          0x0800015f   Thumb Code     0  startup_stm32f10x_hd.o(.text)
    Show_SetTemp_Huti                        0x08000169   Thumb Code   126  main.o(.text)
    Key1_show                                0x080001e7   Thumb Code   300  main.o(.text)
    Key_Action                               0x08000313   Thumb Code   150  main.o(.text)
    Show_Mq1                                 0x080003a9   Thumb Code    64  main.o(.text)
    Show_Mq                                  0x080003e9   Thumb Code    64  main.o(.text)
    Alarm                                    0x08000429   Thumb Code    44  main.o(.text)
    Hui_Action                               0x08000455   Thumb Code   104  main.o(.text)
    Show_Init                                0x080004bd   Thumb Code   180  main.o(.text)
    Tem_Action                               0x08000571   Thumb Code   100  main.o(.text)
    Show_Dth11                               0x080005d5   Thumb Code   180  main.o(.text)
    System_Init                              0x08000689   Thumb Code    28  main.o(.text)
    main                                     0x080006a5   Thumb Code   240  main.o(.text)
    NMI_Handler                              0x080007b9   Thumb Code     2  stm32f10x_it.o(.text)
    HardFault_Handler                        0x080007bb   Thumb Code     4  stm32f10x_it.o(.text)
    MemManage_Handler                        0x080007bf   Thumb Code     4  stm32f10x_it.o(.text)
    BusFault_Handler                         0x080007c3   Thumb Code     4  stm32f10x_it.o(.text)
    UsageFault_Handler                       0x080007c7   Thumb Code     4  stm32f10x_it.o(.text)
    SVC_Handler                              0x080007cb   Thumb Code     2  stm32f10x_it.o(.text)
    DebugMon_Handler                         0x080007cd   Thumb Code     2  stm32f10x_it.o(.text)
    PendSV_Handler                           0x080007cf   Thumb Code     2  stm32f10x_it.o(.text)
    SysTick_Handler                          0x080007d1   Thumb Code     8  stm32f10x_it.o(.text)
    USART2_IRQHandler                        0x080007d9   Thumb Code    52  stm32f10x_it.o(.text)
    KEY_Init                                 0x08000819   Thumb Code    34  key.o(.text)
    KEY_Scan                                 0x0800083b   Thumb Code   100  key.o(.text)
    MQ_GPIO_Config                           0x080008b5   Thumb Code    50  mq_2.o(.text)
    GPIO_DeInit                              0x080008ed   Thumb Code   172  stm32f10x_gpio.o(.text)
    GPIO_AFIODeInit                          0x08000999   Thumb Code    20  stm32f10x_gpio.o(.text)
    GPIO_Init                                0x080009ad   Thumb Code   274  stm32f10x_gpio.o(.text)
    GPIO_StructInit                          0x08000abf   Thumb Code    16  stm32f10x_gpio.o(.text)
    GPIO_ReadInputDataBit                    0x08000acf   Thumb Code    18  stm32f10x_gpio.o(.text)
    GPIO_ReadInputData                       0x08000ae1   Thumb Code     8  stm32f10x_gpio.o(.text)
    GPIO_ReadOutputDataBit                   0x08000ae9   Thumb Code    18  stm32f10x_gpio.o(.text)
    GPIO_ReadOutputData                      0x08000afb   Thumb Code     8  stm32f10x_gpio.o(.text)
    GPIO_SetBits                             0x08000b03   Thumb Code     4  stm32f10x_gpio.o(.text)
    GPIO_ResetBits                           0x08000b07   Thumb Code     4  stm32f10x_gpio.o(.text)
    GPIO_WriteBit                            0x08000b0b   Thumb Code    10  stm32f10x_gpio.o(.text)
    GPIO_Write                               0x08000b15   Thumb Code     4  stm32f10x_gpio.o(.text)
    GPIO_PinLockConfig                       0x08000b19   Thumb Code    18  stm32f10x_gpio.o(.text)
    GPIO_EventOutputConfig                   0x08000b2b   Thumb Code    26  stm32f10x_gpio.o(.text)
    GPIO_EventOutputCmd                      0x08000b45   Thumb Code     6  stm32f10x_gpio.o(.text)
    GPIO_PinRemapConfig                      0x08000b4b   Thumb Code   138  stm32f10x_gpio.o(.text)
    GPIO_EXTILineConfig                      0x08000bd5   Thumb Code    66  stm32f10x_gpio.o(.text)
    GPIO_ETH_MediaInterfaceConfig            0x08000c17   Thumb Code     6  stm32f10x_gpio.o(.text)
    RCC_DeInit                               0x08000c45   Thumb Code    64  stm32f10x_rcc.o(.text)
    RCC_HSEConfig                            0x08000c85   Thumb Code    70  stm32f10x_rcc.o(.text)
    RCC_GetFlagStatus                        0x08000ccb   Thumb Code    56  stm32f10x_rcc.o(.text)
    RCC_WaitForHSEStartUp                    0x08000d03   Thumb Code    48  stm32f10x_rcc.o(.text)
    RCC_AdjustHSICalibrationValue            0x08000d33   Thumb Code    20  stm32f10x_rcc.o(.text)
    RCC_HSICmd                               0x08000d47   Thumb Code     6  stm32f10x_rcc.o(.text)
    RCC_PLLConfig                            0x08000d4d   Thumb Code    24  stm32f10x_rcc.o(.text)
    RCC_PLLCmd                               0x08000d65   Thumb Code     6  stm32f10x_rcc.o(.text)
    RCC_SYSCLKConfig                         0x08000d6b   Thumb Code    18  stm32f10x_rcc.o(.text)
    RCC_GetSYSCLKSource                      0x08000d7d   Thumb Code    10  stm32f10x_rcc.o(.text)
    RCC_HCLKConfig                           0x08000d87   Thumb Code    18  stm32f10x_rcc.o(.text)
    RCC_PCLK1Config                          0x08000d99   Thumb Code    18  stm32f10x_rcc.o(.text)
    RCC_PCLK2Config                          0x08000dab   Thumb Code    20  stm32f10x_rcc.o(.text)
    RCC_ITConfig                             0x08000dbf   Thumb Code    30  stm32f10x_rcc.o(.text)
    RCC_USBCLKConfig                         0x08000ddd   Thumb Code     6  stm32f10x_rcc.o(.text)
    RCC_ADCCLKConfig                         0x08000de3   Thumb Code    18  stm32f10x_rcc.o(.text)
    RCC_LSEConfig                            0x08000df5   Thumb Code    44  stm32f10x_rcc.o(.text)
    RCC_LSICmd                               0x08000e21   Thumb Code     6  stm32f10x_rcc.o(.text)
    RCC_RTCCLKConfig                         0x08000e27   Thumb Code    12  stm32f10x_rcc.o(.text)
    RCC_RTCCLKCmd                            0x08000e33   Thumb Code     6  stm32f10x_rcc.o(.text)
    RCC_GetClocksFreq                        0x08000e39   Thumb Code   192  stm32f10x_rcc.o(.text)
    RCC_AHBPeriphClockCmd                    0x08000ef9   Thumb Code    26  stm32f10x_rcc.o(.text)
    RCC_APB2PeriphClockCmd                   0x08000f13   Thumb Code    26  stm32f10x_rcc.o(.text)
    RCC_APB1PeriphClockCmd                   0x08000f2d   Thumb Code    26  stm32f10x_rcc.o(.text)
    RCC_APB2PeriphResetCmd                   0x08000f47   Thumb Code    26  stm32f10x_rcc.o(.text)
    RCC_APB1PeriphResetCmd                   0x08000f61   Thumb Code    26  stm32f10x_rcc.o(.text)
    RCC_BackupResetCmd                       0x08000f7b   Thumb Code     6  stm32f10x_rcc.o(.text)
    RCC_ClockSecuritySystemCmd               0x08000f81   Thumb Code     6  stm32f10x_rcc.o(.text)
    RCC_MCOConfig                            0x08000f87   Thumb Code     6  stm32f10x_rcc.o(.text)
    RCC_ClearFlag                            0x08000f8d   Thumb Code    14  stm32f10x_rcc.o(.text)
    RCC_GetITStatus                          0x08000f9b   Thumb Code    20  stm32f10x_rcc.o(.text)
    RCC_ClearITPendingBit                    0x08000faf   Thumb Code     6  stm32f10x_rcc.o(.text)
    USART_DeInit                             0x08000fe9   Thumb Code   134  stm32f10x_usart.o(.text)
    USART_Init                               0x0800106f   Thumb Code   210  stm32f10x_usart.o(.text)
    USART_StructInit                         0x08001141   Thumb Code    24  stm32f10x_usart.o(.text)
    USART_ClockInit                          0x08001159   Thumb Code    34  stm32f10x_usart.o(.text)
    USART_ClockStructInit                    0x0800117b   Thumb Code    12  stm32f10x_usart.o(.text)
    USART_Cmd                                0x08001187   Thumb Code    24  stm32f10x_usart.o(.text)
    USART_ITConfig                           0x0800119f   Thumb Code    74  stm32f10x_usart.o(.text)
    USART_DMACmd                             0x080011e9   Thumb Code    24  stm32f10x_usart.o(.text)
    USART_SetAddress                         0x08001201   Thumb Code    18  stm32f10x_usart.o(.text)
    USART_WakeUpConfig                       0x08001213   Thumb Code    18  stm32f10x_usart.o(.text)
    USART_ReceiverWakeUpCmd                  0x08001225   Thumb Code    24  stm32f10x_usart.o(.text)
    USART_LINBreakDetectLengthConfig         0x0800123d   Thumb Code    18  stm32f10x_usart.o(.text)
    USART_LINCmd                             0x0800124f   Thumb Code    24  stm32f10x_usart.o(.text)
    USART_SendData                           0x08001267   Thumb Code     8  stm32f10x_usart.o(.text)
    USART_ReceiveData                        0x0800126f   Thumb Code    10  stm32f10x_usart.o(.text)
    USART_SendBreak                          0x08001279   Thumb Code    10  stm32f10x_usart.o(.text)
    USART_SetGuardTime                       0x08001283   Thumb Code    16  stm32f10x_usart.o(.text)
    USART_SetPrescaler                       0x08001293   Thumb Code    16  stm32f10x_usart.o(.text)
    USART_SmartCardCmd                       0x080012a3   Thumb Code    24  stm32f10x_usart.o(.text)
    USART_SmartCardNACKCmd                   0x080012bb   Thumb Code    24  stm32f10x_usart.o(.text)
    USART_HalfDuplexCmd                      0x080012d3   Thumb Code    24  stm32f10x_usart.o(.text)
    USART_OverSampling8Cmd                   0x080012eb   Thumb Code    22  stm32f10x_usart.o(.text)
    USART_OneBitMethodCmd                    0x08001301   Thumb Code    24  stm32f10x_usart.o(.text)
    USART_IrDAConfig                         0x08001319   Thumb Code    18  stm32f10x_usart.o(.text)
    USART_IrDACmd                            0x0800132b   Thumb Code    24  stm32f10x_usart.o(.text)
    USART_GetFlagStatus                      0x08001343   Thumb Code    26  stm32f10x_usart.o(.text)
    USART_ClearFlag                          0x0800135d   Thumb Code    18  stm32f10x_usart.o(.text)
    USART_GetITStatus                        0x0800136f   Thumb Code    84  stm32f10x_usart.o(.text)
    USART_ClearITPendingBit                  0x080013c3   Thumb Code    50  stm32f10x_usart.o(.text)
    SystemInit                               0x080014bd   Thumb Code    78  system_stm32f10x.o(.text)
    SystemCoreClockUpdate                    0x0800150b   Thumb Code   142  system_stm32f10x.o(.text)
    LCD_GPIO_Init                            0x080015bd   Thumb Code    38  lcd.o(.text)
    set_SCE                                  0x080015e3   Thumb Code    14  lcd.o(.text)
    clear_SCE                                0x080015f1   Thumb Code    14  lcd.o(.text)
    set_RES                                  0x080015ff   Thumb Code    14  lcd.o(.text)
    clear_RES                                0x0800160d   Thumb Code    14  lcd.o(.text)
    set_DC                                   0x0800161b   Thumb Code    14  lcd.o(.text)
    clear_DC                                 0x08001629   Thumb Code    14  lcd.o(.text)
    set_SDIN                                 0x08001637   Thumb Code    14  lcd.o(.text)
    clear_SDIN                               0x08001645   Thumb Code    14  lcd.o(.text)
    set_SCLK                                 0x08001653   Thumb Code    14  lcd.o(.text)
    clear_SCLK                               0x08001661   Thumb Code    14  lcd.o(.text)
    LCD_write_byte                           0x0800166f   Thumb Code    68  lcd.o(.text)
    LCD_init                                 0x080016b3   Thumb Code    74  lcd.o(.text)
    LCD_set_XY                               0x080016fd   Thumb Code    32  lcd.o(.text)
    LCD_clear                                0x0800171d   Thumb Code    48  lcd.o(.text)
    LCD_write_char                           0x0800174d   Thumb Code    42  lcd.o(.text)
    LCD_write_String                         0x08001777   Thumb Code    34  lcd.o(.text)
    LCD_write_Char                           0x08001799   Thumb Code    24  lcd.o(.text)
    LCD_write_chinese_character              0x080017b1   Thumb Code    88  lcd.o(.text)
    SysTick_Init                             0x08001815   Thumb Code   102  systick.o(.text)
    _delay_Nus                               0x0800187b   Thumb Code    32  systick.o(.text)
    _delay_Nms                               0x0800189b   Thumb Code    38  systick.o(.text)
    TimingDelay_Decrement                    0x080018c1   Thumb Code    18  systick.o(.text)
    DHT11_GPIO_Config                        0x080018e9   Thumb Code    46  dht11.o(.text)
    Read_DHT11                               0x080019ab   Thumb Code   154  dht11.o(.text)
    __scatterload                            0x08001a49   Thumb Code    28  init.o(.text)
    __scatterload_rt2                        0x08001a49   Thumb Code     0  init.o(.text)
    __scatterload_copy                       0x08001a6d   Thumb Code    14  handlers.o(i.__scatterload_copy)
    __scatterload_null                       0x08001a7b   Thumb Code     2  handlers.o(i.__scatterload_null)
    __scatterload_zeroinit                   0x08001a7d   Thumb Code    14  handlers.o(i.__scatterload_zeroinit)
    font6x8                                  0x08001a8a   Data         552  lcd.o(.constdata)
    chinese_character                        0x08001cb2   Data         312  lcd.o(.constdata)
    Region$$Table$$Base                      0x08001dec   Number         0  anon$$obj.o(Region$$Table)
    Region$$Table$$Limit                     0x08001e0c   Number         0  anon$$obj.o(Region$$Table)
    content                                  0x20000000   Data          16  main.o(.data)
    NUM1                                     0x20000010   Data          14  main.o(.data)
    NUM2                                     0x2000001e   Data          14  main.o(.data)
    count                                    0x2000002c   Data           2  main.o(.data)
    MessageFlag                              0x2000002e   Data           1  main.o(.data)
    key                                      0x2000002f   Data           1  main.o(.data)
    SetTemp                                  0x20000030   Data           1  main.o(.data)
    SetHuti                                  0x20000031   Data           1  main.o(.data)
    Key_Flag                                 0x20000032   Data           1  main.o(.data)
    Stop_Flag                                0x20000033   Data           1  main.o(.data)
    Action_Flag                              0x20000034   Data           1  main.o(.data)
    GPIO_InitStructure                       0x20000036   Data           4  main.o(.data)
    DHT11_Data                               0x2000003a   Data           5  main.o(.data)
    seat                                     0x20000040   Data           4  stm32f10x_it.o(.data)
    SystemCoreClock                          0x2000005c   Data           4  system_stm32f10x.o(.data)
    AHBPrescTable                            0x20000060   Data          16  system_stm32f10x.o(.data)
    RX                                       0x20000074   Data         200  stm32f10x_it.o(.bss)
    __initial_sp                             0x20000540   Data           0  startup_stm32f10x_hd.o(STACK)



==============================================================================

Memory Map of the image

  Image Entry point : 0x08000131

  Load Region LR_IROM1 (Base: 0x08000000, Size: 0x00001e80, Max: 0x00010000, ABSOLUTE)

    Execution Region ER_IROM1 (Base: 0x08000000, Size: 0x00001e0c, Max: 0x00010000, ABSOLUTE)

    Base Addr    Size         Type   Attr      Idx    E Section Name        Object

    0x08000000   0x00000130   Data   RO            3    RESET               startup_stm32f10x_hd.o
    0x08000130   0x00000000   Code   RO          560  * .ARM.Collect$$$$00000000  mc_w.l(entry.o)(mc_w.l)
    0x08000130   0x00000004   Code   RO          565    .ARM.Collect$$$$00000001  mc_w.l(entry2.o)(mc_w.l)
    0x08000134   0x00000004   Code   RO          568    .ARM.Collect$$$$00000004  mc_w.l(entry5.o)(mc_w.l)
    0x08000138   0x00000008   Code   RO          569    .ARM.Collect$$$$00000007  mc_w.l(entry7.o)(mc_w.l)
    0x08000140   0x00000004   Code   RO          566    .ARM.Collect$$$$00002712  mc_w.l(entry2.o)(mc_w.l)
    0x08000144   0x00000024   Code   RO            4    .text               startup_stm32f10x_hd.o
    0x08000168   0x00000650   Code   RO           10    .text               main.o
    0x080007b8   0x00000060   Code   RO           77    .text               stm32f10x_it.o
    0x08000818   0x0000009c   Code   RO           96    .text               key.o
    0x080008b4   0x00000038   Code   RO          109    .text               mq_2.o
    0x080008ec   0x00000358   Code   RO          298    .text               stm32f10x_gpio.o
    0x08000c44   0x000003a4   Code   RO          355    .text               stm32f10x_rcc.o
    0x08000fe8   0x0000040c   Code   RO          426    .text               stm32f10x_usart.o
    0x080013f4   0x000001c8   Code   RO          463    .text               system_stm32f10x.o
    0x080015bc   0x00000258   Code   RO          481    .text               lcd.o
    0x08001814   0x000000d4   Code   RO          502    .text               systick.o
    0x080018e8   0x00000160   Code   RO          523    .text               dht11.o
    0x08001a48   0x00000024   Code   RO          570    .text               mc_w.l(init.o)(mc_w.l)
    0x08001a6c   0x0000000e   Code   RO          574    i.__scatterload_copy  mc_w.l(handlers.o)(mc_w.l)
    0x08001a7a   0x00000002   Code   RO          575    i.__scatterload_null  mc_w.l(handlers.o)(mc_w.l)
    0x08001a7c   0x0000000e   Code   RO          576    i.__scatterload_zeroinit  mc_w.l(handlers.o)(mc_w.l)
    0x08001a8a   0x00000360   Data   RO          482    .constdata          lcd.o
    0x08001dea   0x00000002   PAD
    0x08001dec   0x00000020   Data   RO          572    Region$$Table       anon$$obj.o


    Execution Region RW_IRAM1 (Base: 0x20000000, Size: 0x00000540, Max: 0x00005000, ABSOLUTE)

    Base Addr    Size         Type   Attr      Idx    E Section Name        Object

    0x20000000   0x0000003f   Data   RW           11    .data               main.o
    0x2000003f   0x00000001   PAD
    0x20000040   0x00000004   Data   RW           79    .data               stm32f10x_it.o
    0x20000044   0x00000001   Data   RW           97    .data               key.o
    0x20000045   0x00000014   Data   RW          356    .data               stm32f10x_rcc.o
    0x20000059   0x00000003   PAD
    0x2000005c   0x00000014   Data   RW          464    .data               system_stm32f10x.o
    0x20000070   0x00000004   Data   RW          503    .data               systick.o
    0x20000074   0x000000c8   Zero   RW           78    .bss                stm32f10x_it.o
    0x2000013c   0x00000004   PAD
    0x20000140   0x00000400   Zero   RW            1    STACK               startup_stm32f10x_hd.o


==============================================================================

Image component sizes


      Code (inc. data)   RO Data    RW Data    ZI Data      Debug   Object Name

       352          4          0          0          0          0   dht11.o
       156         22          0          1          0          0   key.o
       600         12        864          0          0          0   lcd.o
      1616         74          0         63          0          0   main.o
        56          6          0          0          0          0   mq_2.o
        36          8        304          0       1024          0   startup_stm32f10x_hd.o
       856         40          0          0          0          0   stm32f10x_gpio.o
        96         12          0          4        200          0   stm32f10x_it.o
       932         52          0         20          0          0   stm32f10x_rcc.o
      1036         20          0          0          0          0   stm32f10x_usart.o
       456         36          0         20          0          0   system_stm32f10x.o
       212         22          0          4          0          0   systick.o

    ----------------------------------------------------------------------
      6404        308       1202        116       1228          0   Object Totals
         0          0         32          0          0          0   (incl. Generated)
         0          0          2          4          4          1   (incl. Padding)

    ----------------------------------------------------------------------

      Code (inc. data)   RO Data    RW Data    ZI Data      Debug   Library Member Name

         0          0          0          0          0          0   entry.o
         8          4          0          0          0          0   entry2.o
         4          0          0          0          0          0   entry5.o
         8          4          0          0          0          0   entry7.o
        30          0          0          0          0          0   handlers.o
        36          8          0          0          0          0   init.o

    ----------------------------------------------------------------------
        86         16          0          0          0          0   Library Totals
         0          0          0          0          0          0   (incl. Padding)

    ----------------------------------------------------------------------

      Code (inc. data)   RO Data    RW Data    ZI Data      Debug   Library Name

        86         16          0          0          0         68   mc_w.l

    ----------------------------------------------------------------------
        86         16          0          0          0          0   Library Totals

    ----------------------------------------------------------------------

==============================================================================


      Code (inc. data)   RO Data    RW Data    ZI Data      Debug   

      6490        324       1202        116       1228     284464   Grand Totals
      6490        324       1202        116       1228     284464   ELF Image Totals
      6490        324       1202        116          0          0   ROM Totals

==============================================================================

    Total RO  Size (Code + RO Data)                 7692 (   7.51kB)
    Total RW  Size (RW Data + ZI Data)              1344 (   1.31kB)
    Total ROM Size (Code + RO Data + RW Data)       7808 (   7.63kB)

==============================================================================

